2026-07-28 12:08:48,183 INFO Resolved training config: {'aux_loss_weight': 0.0, 'interaction_type': 'none', 'class_weighted_loss': False, 'include_context': True}
2026-07-28 12:08:48,185 INFO Fixed architecture facts (not CLI-configurable, structural since Phase 10): contact_quality_feature_style=raw-scalar-folded-into-context; pitch-count feature absent from EventDataset/EventModel (Phase 10 revert).
2026-07-28 12:08:48,197 INFO Season split -- train: 2015-2023, val: (2024,)
2026-07-28 12:08:48,197 INFO Loading pitches from C:\code\baseball\data\processed\pitches
2026-07-28 12:08:51,476 INFO Train pitches: 6004327, Val pitches: 739428
2026-07-28 12:08:57,295 INFO Loading contact-quality histories from checkpoints\walkforward\through_2023\contact_quality.pkl
C:\code\baseball\.venv\Lib\site-packages\torch\nn\modules\module.py:1369: UserWarning: expandable_segments not supported on this platform (Triggered internally at C:\actions-runner\_work\pytorch\pytorch\c10/cuda/CUDAAllocatorConfig.h:40.)
  return t.to(
2026-07-28 12:11:25,798 INFO Training with plain unweighted cross-entropy (pass --class-weighted-loss to opt into inverse-frequency weighting).
2026-07-28 12:26:18,948 INFO Epoch 1/25 (include_context=True) - train_loss=1.6262 train_accuracy=0.3620 train_aux_loss=0.3421 | val_loss=1.6104 val_accuracy=0.3612 val_aux_loss=0.3081
2026-07-28 12:26:18,957 INFO Saved new best checkpoint to checkpoints\walkforward\through_2023\base_state_scale_experiment\seed1\event_model_full_best.pt (val_loss=1.6104)
2026-07-28 12:30:19,098 INFO Epoch 2/25 (include_context=True) - train_loss=1.6029 train_accuracy=0.3665 train_aux_loss=0.3123 | val_loss=1.6087 val_accuracy=0.3615 val_aux_loss=0.2775
2026-07-28 12:30:19,102 INFO Saved new best checkpoint to checkpoints\walkforward\through_2023\base_state_scale_experiment\seed1\event_model_full_best.pt (val_loss=1.6087)
2026-07-28 12:34:35,196 INFO Epoch 3/25 (include_context=True) - train_loss=1.6013 train_accuracy=0.3671 train_aux_loss=0.2771 | val_loss=1.6088 val_accuracy=0.3610 val_aux_loss=0.2550
2026-07-28 12:38:53,345 INFO Epoch 4/25 (include_context=True) - train_loss=1.6004 train_accuracy=0.3676 train_aux_loss=0.2369 | val_loss=1.6078 val_accuracy=0.3615 val_aux_loss=0.2260
2026-07-28 12:38:53,350 INFO Saved new best checkpoint to checkpoints\walkforward\through_2023\base_state_scale_experiment\seed1\event_model_full_best.pt (val_loss=1.6078)
2026-07-28 12:43:07,104 INFO Epoch 5/25 (include_context=True) - train_loss=1.5997 train_accuracy=0.3676 train_aux_loss=0.2150 | val_loss=1.6074 val_accuracy=0.3611 val_aux_loss=0.2180
2026-07-28 12:43:07,109 INFO Saved new best checkpoint to checkpoints\walkforward\through_2023\base_state_scale_experiment\seed1\event_model_full_best.pt (val_loss=1.6074)
2026-07-28 12:47:17,852 INFO Epoch 6/25 (include_context=True) - train_loss=1.5991 train_accuracy=0.3677 train_aux_loss=0.1886 | val_loss=1.6099 val_accuracy=0.3608 val_aux_loss=0.1887
2026-07-28 12:51:34,699 INFO Epoch 7/25 (include_context=True) - train_loss=1.5986 train_accuracy=0.3680 train_aux_loss=0.1840 | val_loss=1.6078 val_accuracy=0.3615 val_aux_loss=0.1792
2026-07-28 12:55:47,881 INFO Epoch 8/25 (include_context=True) - train_loss=1.5983 train_accuracy=0.3682 train_aux_loss=0.1789 | val_loss=1.6073 val_accuracy=0.3616 val_aux_loss=0.1739
2026-07-28 12:55:47,887 INFO Saved new best checkpoint to checkpoints\walkforward\through_2023\base_state_scale_experiment\seed1\event_model_full_best.pt (val_loss=1.6073)
2026-07-28 13:00:02,752 INFO Epoch 9/25 (include_context=True) - train_loss=1.5980 train_accuracy=0.3681 train_aux_loss=0.1780 | val_loss=1.6071 val_accuracy=0.3613 val_aux_loss=0.1945
2026-07-28 13:00:02,757 INFO Saved new best checkpoint to checkpoints\walkforward\through_2023\base_state_scale_experiment\seed1\event_model_full_best.pt (val_loss=1.6071)
2026-07-28 13:04:17,592 INFO Epoch 10/25 (include_context=True) - train_loss=1.5978 train_accuracy=0.3682 train_aux_loss=0.1697 | val_loss=1.6066 val_accuracy=0.3621 val_aux_loss=0.1690
2026-07-28 13:04:17,598 INFO Saved new best checkpoint to checkpoints\walkforward\through_2023\base_state_scale_experiment\seed1\event_model_full_best.pt (val_loss=1.6066)
2026-07-28 13:08:20,727 INFO Epoch 11/25 (include_context=True) - train_loss=1.5976 train_accuracy=0.3684 train_aux_loss=0.1681 | val_loss=1.6078 val_accuracy=0.3614 val_aux_loss=0.1790
2026-07-28 13:12:22,681 INFO Epoch 12/25 (include_context=True) - train_loss=1.5974 train_accuracy=0.3685 train_aux_loss=0.1640 | val_loss=1.6079 val_accuracy=0.3617 val_aux_loss=0.1549
2026-07-28 13:16:22,187 INFO Epoch 13/25 (include_context=True) - train_loss=1.5972 train_accuracy=0.3685 train_aux_loss=0.1586 | val_loss=1.6075 val_accuracy=0.3618 val_aux_loss=0.1636
2026-07-28 13:20:22,095 INFO Epoch 14/25 (include_context=True) - train_loss=1.5971 train_accuracy=0.3685 train_aux_loss=0.1571 | val_loss=1.6068 val_accuracy=0.3616 val_aux_loss=0.1552
2026-07-28 13:20:22,096 INFO Early stopping: val_loss hasn't improved for 4 consecutive epochs.
2026-07-28 13:20:22,097 INFO Done (include_context=True). Best val_loss=1.6066
