2026-07-27 10:14:01,488 INFO Loading pitches from C:\code\baseball\data\processed\pitches (seasons 2015-2024)
2026-07-27 10:14:02,959 INFO 6743755 pitches
2026-07-27 10:14:02,960 INFO Loading frozen LongHistoryEncoder checkpoint from checkpoints\walkforward\through_2023\long_history_encoder_best.pt
C:\code\baseball\.venv\Lib\site-packages\torch\nn\modules\module.py:1369: UserWarning: expandable_segments not supported on this platform (Triggered internally at C:\actions-runner\_work\pytorch\pytorch\c10/cuda/CUDAAllocatorConfig.h:40.)
  return t.to(
2026-07-27 10:14:03,642 INFO pitcher: 201963 distinct (player, date) pairs total
2026-07-27 10:14:07,330 INFO pitcher: 200512 pairs already cached, 1451 remaining to compute
C:\code\baseball\.venv\Lib\site-packages\torch\nn\modules\transformer.py:529: UserWarning: The PyTorch API of nested tensors is in prototype stage and will change in the near future. We recommend specifying layout=torch.jagged when constructing a nested tensor, as this layout receives active development, has better operator coverage, and works with torch.compile. (Triggered internally at C:\actions-runner\_work\pytorch\pytorch\aten\src\ATen\NestedTensorImpl.cpp:182.)
  output = torch._nested_tensor_from_mask(
2026-07-27 10:14:31,157 INFO pitcher: wrote entries for 42 player(s)
2026-07-27 10:14:31,885 INFO batter: 485017 distinct (player, date) pairs total
2026-07-27 10:14:32,050 INFO batter: 0 pairs already cached, 485017 remaining to compute
2026-07-27 10:15:14,005 INFO batter: 6400/485017 computed (249.2 pairs/s)
2026-07-27 10:15:38,189 INFO batter: 12800/485017 computed (256.7 pairs/s)
2026-07-27 10:16:03,430 INFO batter: 19200/485017 computed (255.7 pairs/s)
2026-07-27 10:16:28,428 INFO batter: 25600/485017 computed (255.7 pairs/s)
2026-07-27 10:16:54,191 INFO batter: 32000/485017 computed (254.2 pairs/s)
2026-07-27 10:17:19,033 INFO batter: 38400/485017 computed (254.8 pairs/s)
2026-07-27 10:17:43,787 INFO batter: 44800/485017 computed (255.3 pairs/s)
2026-07-27 10:18:09,168 INFO batter: 51200/485017 computed (254.9 pairs/s)
2026-07-27 10:18:33,641 INFO batter: 57600/485017 computed (255.6 pairs/s)
2026-07-27 10:18:58,194 INFO batter: 64000/485017 computed (256.1 pairs/s)
2026-07-27 10:19:22,761 INFO batter: 70400/485017 computed (256.5 pairs/s)
2026-07-27 10:19:49,709 INFO batter: 76800/485017 computed (254.8 pairs/s)
2026-07-27 10:20:15,612 INFO batter: 83200/485017 computed (254.2 pairs/s)
2026-07-27 10:20:40,408 INFO batter: 89600/485017 computed (254.5 pairs/s)
2026-07-27 10:21:06,012 INFO batter: 96000/485017 computed (254.2 pairs/s)
2026-07-27 10:21:29,918 INFO batter: 102400/485017 computed (255.0 pairs/s)
2026-07-27 10:21:54,272 INFO batter: 108800/485017 computed (255.4 pairs/s)
2026-07-27 10:22:19,602 INFO batter: 115200/485017 computed (255.3 pairs/s)
2026-07-27 10:22:45,836 INFO batter: 121600/485017 computed (254.7 pairs/s)
2026-07-27 10:23:11,468 INFO batter: 128000/485017 computed (254.4 pairs/s)
2026-07-27 10:23:36,300 INFO batter: 134400/485017 computed (254.6 pairs/s)
2026-07-27 10:24:01,644 INFO batter: 140800/485017 computed (254.5 pairs/s)
2026-07-27 10:24:28,413 INFO batter: 147200/485017 computed (253.8 pairs/s)
2026-07-27 10:24:54,515 INFO batter: 153600/485017 computed (253.4 pairs/s)
2026-07-27 10:25:18,715 INFO batter: 160000/485017 computed (253.8 pairs/s)
2026-07-27 10:25:43,953 INFO batter: 166400/485017 computed (253.8 pairs/s)
2026-07-27 10:26:09,358 INFO batter: 172800/485017 computed (253.7 pairs/s)
2026-07-27 10:26:35,406 INFO batter: 179200/485017 computed (253.4 pairs/s)
2026-07-27 10:27:01,758 INFO batter: 185600/485017 computed (253.1 pairs/s)
2026-07-27 10:27:26,715 INFO batter: 192000/485017 computed (253.2 pairs/s)
2026-07-27 10:27:52,017 INFO batter: 198400/485017 computed (253.2 pairs/s)
2026-07-27 10:28:15,799 INFO batter: 204800/485017 computed (253.6 pairs/s)
2026-07-27 10:28:41,314 INFO batter: 211200/485017 computed (253.5 pairs/s)
2026-07-27 10:29:05,298 INFO batter: 217600/485017 computed (253.9 pairs/s)
2026-07-27 10:29:30,997 INFO batter: 224000/485017 computed (253.8 pairs/s)
2026-07-27 10:29:55,909 INFO batter: 230400/485017 computed (253.9 pairs/s)
2026-07-27 10:30:20,707 INFO batter: 236800/485017 computed (254.0 pairs/s)
2026-07-27 10:30:50,244 INFO batter: 243200/485017 computed (252.8 pairs/s)
2026-07-27 10:31:23,415 INFO batter: 249600/485017 computed (250.8 pairs/s)
2026-07-27 10:31:55,143 INFO batter: 256000/485017 computed (249.3 pairs/s)
2026-07-27 10:32:23,862 INFO batter: 262400/485017 computed (248.6 pairs/s)
2026-07-27 10:32:54,412 INFO batter: 268800/485017 computed (247.5 pairs/s)
2026-07-27 10:33:23,494 INFO batter: 275200/485017 computed (246.8 pairs/s)
2026-07-27 10:33:53,188 INFO batter: 281600/485017 computed (246.0 pairs/s)
2026-07-27 10:34:23,009 INFO batter: 288000/485017 computed (245.2 pairs/s)
2026-07-27 10:34:52,266 INFO batter: 294400/485017 computed (244.5 pairs/s)
2026-07-27 10:35:21,454 INFO batter: 300800/485017 computed (243.9 pairs/s)
2026-07-27 10:35:51,593 INFO batter: 307200/485017 computed (243.2 pairs/s)
2026-07-27 10:36:22,560 INFO batter: 313600/485017 computed (242.3 pairs/s)
2026-07-27 10:36:54,034 INFO batter: 320000/485017 computed (241.4 pairs/s)
2026-07-27 10:37:23,605 INFO batter: 326400/485017 computed (240.8 pairs/s)
2026-07-27 10:37:54,508 INFO batter: 332800/485017 computed (240.1 pairs/s)
2026-07-27 10:38:24,847 INFO batter: 339200/485017 computed (239.5 pairs/s)
2026-07-27 10:38:53,875 INFO batter: 345600/485017 computed (239.1 pairs/s)
2026-07-27 10:39:22,525 INFO batter: 352000/485017 computed (238.8 pairs/s)
2026-07-27 10:39:51,838 INFO batter: 358400/485017 computed (238.4 pairs/s)
2026-07-27 10:40:21,907 INFO batter: 364800/485017 computed (237.9 pairs/s)
2026-07-27 10:40:51,354 INFO batter: 371200/485017 computed (237.5 pairs/s)
2026-07-27 10:41:22,031 INFO batter: 377600/485017 computed (236.9 pairs/s)
2026-07-27 10:41:53,077 INFO batter: 384000/485017 computed (236.3 pairs/s)
2026-07-27 10:42:21,991 INFO batter: 390400/485017 computed (236.1 pairs/s)
2026-07-27 10:42:52,113 INFO batter: 396800/485017 computed (235.7 pairs/s)
2026-07-27 10:43:21,615 INFO batter: 403200/485017 computed (235.3 pairs/s)
2026-07-27 10:43:49,698 INFO batter: 409600/485017 computed (235.2 pairs/s)
2026-07-27 10:49:26,598 INFO batter: wrote entries for 3532 player(s)
2026-07-27 10:49:26,631 INFO Done in 2123.6s. Computed: {'pitcher': 1451, 'batter': 485017}. Cache at checkpoints\walkforward\through_2023\event_embedding_cache
