2026-07-27 09:42:28,244 INFO Loading pitches from C:\code\baseball\data\processed\pitches (seasons 2015-2024)
2026-07-27 09:42:29,538 INFO 6743755 pitches
2026-07-27 09:42:29,539 INFO Loading frozen LongHistoryEncoder checkpoint from checkpoints\walkforward\through_2023\long_history_encoder_best.pt
C:\code\baseball\.venv\Lib\site-packages\torch\nn\modules\module.py:1369: UserWarning: expandable_segments not supported on this platform (Triggered internally at C:\actions-runner\_work\pytorch\pytorch\c10/cuda/CUDAAllocatorConfig.h:40.)
  return t.to(
2026-07-27 09:42:30,315 INFO pitcher: 201963 distinct (player, date) pairs total
2026-07-27 09:42:30,394 INFO pitcher: 0 pairs already cached, 201963 remaining to compute
C:\code\baseball\.venv\Lib\site-packages\torch\nn\modules\transformer.py:529: UserWarning: The PyTorch API of nested tensors is in prototype stage and will change in the near future. We recommend specifying layout=torch.jagged when constructing a nested tensor, as this layout receives active development, has better operator coverage, and works with torch.compile. (Triggered internally at C:\actions-runner\_work\pytorch\pytorch\aten\src\ATen\NestedTensorImpl.cpp:182.)
  output = torch._nested_tensor_from_mask(
2026-07-27 09:42:51,510 INFO pitcher: 6400/201963 computed (1016.3 pairs/s)
2026-07-27 09:43:00,553 INFO pitcher: 12800/201963 computed (834.4 pairs/s)
2026-07-27 09:43:13,720 INFO pitcher: 19200/201963 computed (673.5 pairs/s)
2026-07-27 09:43:27,857 INFO pitcher: 25600/201963 computed (600.3 pairs/s)
2026-07-27 09:43:42,746 INFO pitcher: 32000/201963 computed (556.2 pairs/s)
2026-07-27 09:43:58,525 INFO pitcher: 38400/201963 computed (523.8 pairs/s)
2026-07-27 09:44:15,396 INFO pitcher: 44800/201963 computed (496.8 pairs/s)
2026-07-27 09:44:33,256 INFO pitcher: 51200/201963 computed (473.9 pairs/s)
2026-07-27 09:44:51,725 INFO pitcher: 57600/201963 computed (455.3 pairs/s)
2026-07-27 09:45:12,154 INFO pitcher: 64000/201963 computed (435.5 pairs/s)
2026-07-27 09:45:38,488 INFO pitcher: 70400/201963 computed (406.3 pairs/s)
2026-07-27 09:45:59,696 INFO pitcher: 76800/201963 computed (394.9 pairs/s)
2026-07-27 09:46:21,757 INFO pitcher: 83200/201963 computed (384.2 pairs/s)
2026-07-27 09:46:44,745 INFO pitcher: 89600/201963 computed (374.1 pairs/s)
2026-07-27 09:47:09,056 INFO pitcher: 96000/201963 computed (363.9 pairs/s)
2026-07-27 09:47:33,636 INFO pitcher: 102400/201963 computed (355.0 pairs/s)
2026-07-27 09:47:57,844 INFO pitcher: 108800/201963 computed (348.0 pairs/s)
2026-07-27 09:48:23,963 INFO pitcher: 115200/201963 computed (340.1 pairs/s)
2026-07-27 09:48:51,630 INFO pitcher: 121600/201963 computed (331.9 pairs/s)
2026-07-27 09:49:20,116 INFO pitcher: 128000/201963 computed (324.1 pairs/s)
2026-07-27 09:49:50,020 INFO pitcher: 134400/201963 computed (316.4 pairs/s)
2026-07-27 09:50:22,590 INFO pitcher: 140800/201963 computed (307.8 pairs/s)
2026-07-27 09:50:56,679 INFO pitcher: 147200/201963 computed (299.5 pairs/s)
2026-07-27 09:51:32,306 INFO pitcher: 153600/201963 computed (291.4 pairs/s)
2026-07-27 09:52:11,779 INFO pitcher: 160000/201963 computed (282.4 pairs/s)
2026-07-27 09:53:16,462 INFO pitcher: 166400/201963 computed (263.6 pairs/s)
2026-07-27 09:54:54,473 INFO pitcher: 172800/201963 computed (237.0 pairs/s)
2026-07-27 09:55:57,263 INFO pitcher: 179200/201963 computed (226.2 pairs/s)
2026-07-27 09:58:48,222 INFO pitcher: 185600/201963 computed (192.7 pairs/s)
2026-07-27 10:03:09,958 INFO pitcher: 192000/201963 computed (156.8 pairs/s)
2026-07-27 10:07:21,308 INFO pitcher: 198400/201963 computed (134.4 pairs/s)
